PHPUnit 11.5.55 by Sebastian Bergmann and contributors.

Runtime:       PHP 8.3.30
Configuration: D:\Applantics projects\resins-photo-frames-pos\phpunit.xml

......                                                              6 / 6 (100%)

Time: 00:01.498, Memory: 48.00 MB

OK, but there were issues!
Tests: 6, Assertions: 19, PHPUnit Deprecations: 6.
