PHPUnit 11.5.55 by Sebastian Bergmann and contributors.

Runtime:       PHP 8.3.30
Configuration: D:\Applantics projects\resins-photo-frames-pos\phpunit.xml

...                                                                 3 / 3 (100%)

Time: 00:02.359, Memory: 52.00 MB

OK, but there were issues!
Tests: 3, Assertions: 17, PHPUnit Deprecations: 3.
